// Vitest Snapshot v1, https://vitest.dev/guide/snapshot.html

exports[`Accordion test > Snapshot - Accordion component 1`] = `
<div>
  <div
    class="MuiBox-root css-qths1"
  >
    <h3
      class="accordion-title"
    >
      Testing
    </h3>
    <div
      class="accordion-content"
    >
      <h4>
        Content
      </h4>
    </div>
  </div>
</div>
`;
